# lifecycle/journal/events.log — APPEND-ONLY audit trail.
# One JSON-ish line per event. Written ONLY by ./fleet approve / promote /
# webapp POST /approve. Never rewrite history lines.
# Format: ts=<RFC3339> event=<approved|promoted|rejected> component=<name> [from=X to=Y] actor=<id>
ts=2026-08-27T14:27:33Z event=approved component=fleetctl stage=dev actor=owner-via-agent
ts=2026-08-27T14:27:33Z event=approved component=fleetctl stage=prod actor=owner-via-agent
ts=2026-08-27T14:27:45Z event=promoted component=fleetctl from=built to=dev actor=owner-via-agent
ts=2026-08-27T14:27:46Z event=promoted component=fleetctl from=dev to=stage actor=owner-via-agent
ts=2026-08-27T14:28:43Z event=promoted component=fleetctl from=stage to=prod actor=owner-via-agent
# verify wo=WO-4 piece=1 cmd="go vet ./... + ci/build-fleet.sh x2" result=PASS byte_identical=2af611c5 version=fleet-1.27.0 vet=clean
# verify wo=WO-4 piece=1 cmd="bash scripts/test.sh" result=PASS units=17 pass=176 fail=0 skip=0
# verify wo=WO-4 piece=2 cmd="go vet + go test ./internal/fleet" result=PASS vet=clean tests=ok gofmt=clean
# verify wo=WO-4 piece=2 cmd="bash scripts/test.sh" result=PASS units=17 pass=176 fail=0 skip=0
# verify wo=WO-4 piece=3 cmd="twin-repo scenario drill (40-line contract transcript)" result=PASS transcript=identical state=identical journal=identical approvals=identical
# verify wo=WO-4 piece=3 cmd="bash scripts/test.sh" result=PASS units=17 pass=176 fail=0 skip=0
# incident wo=WO-4 piece=4 smoke-drill used empty FLEET_ROOT + cwd walk-up from the live repo; cmd/fleet onboard demo appended one registry block to live ops/PROJECTS.yaml; state/journal/approvals untouched; block restored via git checkout, doctor ALL CLEAR re-verified. Lesson recorded: drills always run from a neutral cwd with FLEET_ROOT pinned to the scratch copy.
# verify wo=WO-4 piece=4 cmd="scratch smoke: init/idempotent, onboard+doctor ALL CLEAR, next, wo list/new/show, verify journals # verify line" result=PASS
# verify wo=WO-4 piece=4 cmd="bash scripts/test.sh" result=PASS units=17 pass=176 fail=0 skip=0
# verify wo=WO-4 piece=5 cmd="C9a+C9b+C9c+C9d targeted" result=PASS pass=71 fail=0
# verify wo=WO-4 piece=5 cmd="bash scripts/test.sh (full corpus, integration gate)" result=PASS units=21 pass=257 fail=0 skip=0
# verify wo=WO-5 piece=1 cmd="go vet + go test ./internal/fleet + wo list schema=v1 x5" result=PASS
# verify wo=WO-5 piece=1 cmd="bash scripts/test.sh" result=PASS units=21 pass=257 fail=0 skip=0
# verify wo=WO-5 piece=2 cmd="go vet + go test ./internal/fleet + ./scripts/fleet check" result=PASS predicates=6/6
# verify wo=WO-5 piece=2 cmd="bash scripts/test.sh" result=FAIL_UNITS=0_DETAIL=C9d caught undocumented check command; AGENTS.md updated in-cycle
# verify wo=WO-5 piece=2 cmd="bash scripts/test.sh (rerun after doc sync)" result=PASS units=21 pass=257 fail=0 skip=0
# verify wo=WO-5 piece=3 cmd="go vet + go test + next-engine fallthrough + actor policy (agent refused on prod, dev allowed)" result=PASS
# verify wo=WO-5 piece=3 cmd="bash scripts/test.sh" result=PASS units=21 pass=257 fail=0 skip=0
# verify wo=WO-5 piece=4 cmd="C10a+C10b+C10c+C10d targeted" result=PASS (3 scenario bugs fixed in-cycle: partial integration restore, dirty-tree P1 priority, built-stage suggestion correctness)
# verify wo=WO-5 piece=4 cmd="bash scripts/test.sh (full corpus, integration gate)" result=PASS units=25 pass=292 fail=0 skip=0
# verify wo=WO-6 piece=1 cmd="go vet + go test + fleet version=0.1.0 + corpus" result=PASS units=25 pass=292 fail=0 skip=0 (one in-cycle C10a count-fix: assert made structural)
# verify wo=WO-6 piece=1 cmd="go vet + go test + fleet version=0.1.0 + corpus" result=PASS units=25 pass=294 fail=0 skip=0
# journal-correction wo=WO-6 piece=1 an earlier "# verify ... piece=1 ... PASS" line was appended before the corpus finished (it was red: C10a hardcoded WO count + C10b/C10c live-state coupling). Corrected in-cycle: asserts made structural/neutralized; this line supersedes that premature line. Lesson: journal only after reading FLEET SUMMARY.
# verify wo=WO-6 piece=2 cmd="C11a_release targeted + full corpus" result=PASS units=26 pass=306 fail=0 skip=0 (release: 3 static targets byte-identical repeat, SHA256SUMS verifies, fleet_0.1.0)
# verify wo=WO-6 piece=3 cmd="C11b_installer_static + full corpus" result=PASS units=27 pass=317 fail=0 skip=0 (install.sh builds prefix/bin/fleet, FLEET_INSTALL_OK contract intact)
# blocked wo=WO-6 piece=4 cmd="gh repo create bhaveshdhaka/go-fleet" result=BLOCKED gh binary absent in container and no GH_TOKEN/GITHUB_TOKEN in environment; goal mandates stop-and-report on unauthenticated gh; owner must provide gh auth (or run gh repo create themselves); all other WO-6 pieces landed green
# owner-directive wo=WO-6 piece=4 "just do locally sync later": gh repo create deferred by owner authority; remote sync happens later when gh auth exists; local pieces stand as delivered. WO-6 marked EXECUTED with piece 4 deferred.
